// Jest Snapshot v1, https://goo.gl/fbAQLP

exports[`Footer renders the UI as expected 1`] = `
<footer>
  <p>
     © Peter Rufo 2020
  </p>
</footer>
`;

exports[`add workout renders the UI as expected 1`] = `
<footer>
  <p>
     © Peter Rufo 2020
  </p>
</footer>
`;
