// Jest Snapshot v1, https://goo.gl/fbAQLP

exports[`GET /recipes renders the UI as expected 1`] = `
<div>
  <section
    className="recipe-search"
  >
    <form
      className="recipe-search-form"
    >
      <div
        className="form-section"
      >
        <label
          htmlFor="recipe-search"
        >
          Find a recipe:
        </label>
        <input
          name="recipe-search"
          type="text"
        />
        <button
          type="submit"
        >
          Submit
        </button>
      </div>
    </form>
  </section>
  <section
    className="recipe-list"
  />
</div>
`;
